{
  "header": {
    "provider": "GitHub",
    "uid": "0-github",
    "user": "usr1",
    "url": "",
    "repo_names": [
      "myuser/testrepo",
      "user2/userrepo2",
      "user1/userrepo1",
      "user9/userrepo9"
    ],
    "target": "",
    "message": ""
  },
  "items": [
    {
      "repo_name": "myuser/testrepo",
      "type": "pr",
      "iid": 63,
      "branch_name": "branch-pr63",
      "status": "success",
      "title": "test pr assignee",
      "actions": {},
      "author": "",
      "assignees": "",
      "created_at": "2024-01-09T19:56:21Z",
      "updated_at": "2024-01-10T17:27:30Z",
      "iidstr": "#63",
      "url": "https://github.com/myuser/testrepo/pull/63",
      "branch_url": "https://github.com/myuser/testrepo/tree/branch-pr63",
      "repo_url": "https://github.com/myuser/testrepo",
      "labels": [],
      "uid": "myuser-testrepo_pr_63"
    },
    {
      "repo_name": "user2/userrepo2",
      "type": "pr",
      "iid": 102,
      "branch_name": "branch-pr102",
      "status": "success",
      "title": "test pr userrepo2",
      "actions": {},
      "author": "",
      "assignees": "",
      "created_at": "2024-01-09T19:56:21Z",
      "updated_at": "2024-01-10T17:27:30Z",
      "iidstr": "#102",
      "url": "https://github.com/user2/userrepo2/pull/102",
      "branch_url": "https://github.com/user2/userrepo2/tree/branch-pr102",
      "repo_url": "https://github.com/user2/userrepo2",
      "labels": [],
      "uid": "user2-userrepo2_pr_102"
    },
    {
      "repo_name": "user1/userrepo1",
      "type": "pr",
      "iid": 100,
      "branch_name": "branch-pr101",
      "status": "success",
      "title": "test pr userrepo1",
      "actions": {},
      "author": "",
      "assignees": "",
      "created_at": "2024-01-09T19:56:21Z",
      "updated_at": "2024-01-10T17:27:30Z",
      "iidstr": "#100",
      "url": "https://github.com/user1/userrepo1/pull/101",
      "branch_url": "https://github.com/user1/userrepo1/tree/branch-pr101",
      "repo_url": "https://github.com/user1/userrepo1",
      "labels": [],
      "uid": "user1-userrepo1_pr_100"
    },
    {
      "repo_name": "user9/userrepo9",
      "type": "pr",
      "iid": 100,
      "branch_name": "branch-pr109",
      "status": "success",
      "title": "test pr userrepo9",
      "actions": {},
      "author": "",
      "assignees": "",
      "created_at": "2024-01-09T19:56:21Z",
      "updated_at": "2024-01-10T17:27:30Z",
      "iidstr": "#100",
      "url": "https://github.com/user9/userrepo9/pull/109",
      "branch_url": "https://github.com/user9/userrepo9/tree/branch-pr109",
      "repo_url": "https://github.com/user9/userrepo9",
      "labels": [],
      "uid": "user9-userrepo9_pr_100"
    }
  ]
}