{
  "header": {
    "provider": "GitHub",
    "uid": "0-github",
    "user": "usr1",
    "url": "",
    "repo_names": [
      "myuser/testrepo",
      "myuser/testrepo2"
    ],
    "target": "",
    "message": ""
  },
  "items": [
    {
      "repo_name": "myuser/testrepo",
      "type": "pr",
      "iid": 63,
      "branch_name": "branch-pr63",
      "status": "success",
      "title": "test pr assignee",
      "actions": {},
      "author": "",
      "assignees": "",
      "created_at": "2024-01-09T19:56:21Z",
      "updated_at": "2024-01-10T17:27:30Z",
      "iidstr": "#63",
      "url": "https://github.com/myuser/testrepo/pull/63",
      "branch_url": "https://github.com/myuser/testrepo/tree/branch-pr63",
      "repo_url": "https://github.com/myuser/testrepo",
      "labels": [],
      "uid": "myuser-testrepo_pr_63"
    },
    {
      "repo_name": "myuser/testrepo",
      "type": "pr",
      "iid": 61,
      "branch_name": "branch-pr61",
      "status": "failure",
      "title": "test pr reviewer, other project",
      "actions": {},
      "author": "",
      "assignees": "",
      "created_at": "2024-01-08T12:52:35Z",
      "updated_at": "2024-01-08T12:52:56Z",
      "iidstr": "#61",
      "url": "https://github.com/myuser/testrepo/pull/61",
      "branch_url": "https://github.com/myuser/testrepo/tree/branch-pr61",
      "repo_url": "https://github.com/myuser/testrepo",
      "labels": [],
      "uid": "myuser-testrepo_pr_61"
    },
    {
      "repo_name": "myuser/testrepo",
      "type": "pr",
      "iid": 60,
      "branch_name": "branch-pr60",
      "status": "pending",
      "title": "in progress",
      "actions": {},
      "author": "",
      "assignees": "",
      "created_at": "2024-01-08T12:50:35Z",
      "updated_at": "2024-01-08T12:50:56Z",
      "iidstr": "#60",
      "url": "https://github.com/myuser/testrepo/pull/60",
      "branch_url": "https://github.com/myuser/testrepo/tree/branch-pr60",
      "repo_url": "https://github.com/myuser/testrepo",
      "labels": [],
      "uid": "myuser-testrepo_pr_60"
    },
    {
      "repo_name": "myuser/testrepo",
      "type": "pr",
      "iid": 59,
      "branch_name": "branch-pr59",
      "status": "notavailable",
      "title": "no status",
      "actions": {},
      "author": "",
      "assignees": "",
      "created_at": "2024-01-08T12:49:35Z",
      "updated_at": "2024-01-08T12:49:56Z",
      "iidstr": "#59",
      "url": "https://github.com/myuser/testrepo/pull/59",
      "branch_url": "https://github.com/myuser/testrepo/tree/branch-pr59",
      "repo_url": "https://github.com/myuser/testrepo",
      "labels": [],
      "uid": "myuser-testrepo_pr_59"
    },
    {
      "repo_name": "myuser/testrepo",
      "type": "branch",
      "iid": "",
      "branch_name": "develop",
      "status": "success",
      "title": "branch success",
      "actions": {},
      "author": "",
      "assignees": "",
      "created_at": "2024-01-08T12:48:35Z",
      "updated_at": "2024-01-08T12:48:35Z",
      "iidstr": "",
      "url": "https://github.com/myuser/testrepo/tree/develop",
      "branch_url": "https://github.com/myuser/testrepo/tree/develop",
      "repo_url": "https://github.com/myuser/testrepo",
      "labels": [],
      "uid": "myuser-testrepo_branch_develop"
    },
    {
      "repo_name": "myuser/testrepo",
      "type": "branch",
      "iid": "",
      "branch_name": "main",
      "status": "notavailable",
      "title": "branch no status",
      "actions": {},
      "author": "",
      "assignees": "",
      "created_at": "2024-01-08T12:47:35Z",
      "updated_at": "2024-01-08T12:47:35Z",
      "iidstr": "",
      "url": "https://github.com/myuser/testrepo/tree/main",
      "branch_url": "https://github.com/myuser/testrepo/tree/main",
      "repo_url": "https://github.com/myuser/testrepo",
      "labels": [],
      "uid": "myuser-testrepo_branch_main"
    },
    {
      "repo_name": "myuser/testrepo2",
      "type": "branch",
      "iid": "",
      "branch_name": "branch-pr79",
      "status": "success",
      "title": "pr status closed commit",
      "actions": {},
      "author": "",
      "assignees": "",
      "created_at": "2024-01-09T19:50:21Z",
      "updated_at": "2024-01-09T19:50:21Z",
      "iidstr": "",
      "url": "https://github.com/myuser/testrepo2/tree/branch-pr79",
      "branch_url": "https://github.com/myuser/testrepo2/tree/branch-pr79",
      "repo_url": "https://github.com/myuser/testrepo2",
      "labels": [],
      "uid": "myuser-testrepo2_branch_branch-pr79"
    },
    {
      "repo_name": "myuser/testrepo2",
      "type": "branch",
      "iid": "",
      "branch_name": "branch-pr78",
      "status": "success",
      "title": "pr status other commit",
      "actions": {},
      "author": "",
      "assignees": "",
      "created_at": "2024-01-09T19:50:21Z",
      "updated_at": "2024-01-09T19:50:21Z",
      "iidstr": "",
      "url": "https://github.com/myuser/testrepo2/tree/branch-pr78",
      "branch_url": "https://github.com/myuser/testrepo2/tree/branch-pr78",
      "repo_url": "https://github.com/myuser/testrepo2",
      "labels": [],
      "uid": "myuser-testrepo2_branch_branch-pr78"
    }
  ]
}