{
  "header": {
    "provider": "GitLab",
    "uid": "0-gitlab",
    "user": "usr1",
    "url": "https://mygitlab.com",
    "repo_names": [],
    "target": "",
    "message": ""
  },
  "items": [
    {
      "repo_name": "org2/proj2",
      "type": "issue",
      "iid": 3,
      "title": "issue from todos",
      "actions": {
        "review_request": true,
        "other_action": true
      },
      "author": "usr2",
      "assignees": "usr3 ",
      "created_at": "2023-01-02T01:01:01.000+01:00",
      "updated_at": "2023-01-02T02:01:01.000+01:00",
      "iidstr": "#3",
      "url": "https://mygitlab.com/org2/proj2/-/issues/3",
      "repo_url": "https://mygitlab.com/org2/proj2",
      "labels": [
        {
          "name": "BLOCKING",
          "color": "FF0000"
        }
      ],
      "uid": "org2-proj2_issue_3"
    },
    {
      "repo_name": "org2/proj2",
      "type": "pr",
      "iid": 4,
      "title": "mr from todos",
      "actions": {
        "review_request": true,
        "other_action": true
      },
      "author": "usr2",
      "assignees": "",
      "created_at": "2023-02-02T01:01:01.000+01:00",
      "updated_at": "2023-02-02T02:01:01.000+01:00",
      "iidstr": "!4",
      "url": "https://mygitlab.com/org2/proj2/-/merge_requests/4070",
      "repo_url": "https://mygitlab.com/org2/proj2",
      "labels": [],
      "uid": "org2-proj2_pr_4"
    }
  ]
}