{
  "header": {
    "provider": "GitLab",
    "uid": "0-gitlab",
    "user": "usr1",
    "url": "https://mygitlab.com",
    "repo_names": [
      "org/proj4",
      "org2/proj7"
    ],
    "target": "",
    "message": ""
  },
  "items": [
    {
      "repo_name": "org/proj4",
      "type": "branch",
      "iid": "",
      "branch_name": "main",
      "status": "notavailable",
      "title": "",
      "actions": {},
      "author": "",
      "assignees": "",
      "created_at": "",
      "updated_at": "",
      "iidstr": "",
      "url": "",
      "branch_url": "",
      "repo_url": "https://mygitlab.com/org/proj4",
      "labels": [],
      "gid": "gid://gitlab/Project/4",
      "uid": "org-proj4_branch_main"
    },
    {
      "repo_name": "org2/proj7",
      "type": "branch",
      "iid": "",
      "branch_name": "branch1",
      "status": "notavailable",
      "title": "",
      "actions": {},
      "author": "",
      "assignees": "",
      "created_at": "",
      "updated_at": "",
      "iidstr": "",
      "url": "",
      "branch_url": "",
      "repo_url": "https://mygitlab.com/org2/proj7",
      "labels": [],
      "gid": "gid://gitlab/Project/7",
      "uid": "org2-proj7_branch_branch1"
    }
  ]
}